------------------------------------------------------------
Timing Analyzer Summary
------------------------------------------------------------

Type  : Slow 1200mV 85C Model Setup 'iCLK'
Slack : -8.046
TNS   : -131.519

Type  : Slow 1200mV 85C Model Hold 'iCLK'
Slack : 0.278
TNS   : 0.000

Type  : Slow 1200mV 85C Model Recovery 'iCLK'
Slack : 6.749
TNS   : 0.000

Type  : Slow 1200mV 85C Model Removal 'iCLK'
Slack : 1.385
TNS   : 0.000

Type  : Slow 1200mV 85C Model Minimum Pulse Width 'iCLK'
Slack : 9.624
TNS   : 0.000

Type  : Slow 1200mV 0C Model Setup 'iCLK'
Slack : -6.594
TNS   : -90.403

Type  : Slow 1200mV 0C Model Hold 'iCLK'
Slack : 0.281
TNS   : 0.000

Type  : Slow 1200mV 0C Model Recovery 'iCLK'
Slack : 6.883
TNS   : 0.000

Type  : Slow 1200mV 0C Model Removal 'iCLK'
Slack : 1.292
TNS   : 0.000

Type  : Slow 1200mV 0C Model Minimum Pulse Width 'iCLK'
Slack : 9.645
TNS   : 0.000

Type  : Fast 1200mV 0C Model Setup 'iCLK'
Slack : 1.467
TNS   : 0.000

Type  : Fast 1200mV 0C Model Hold 'iCLK'
Slack : 0.100
TNS   : 0.000

Type  : Fast 1200mV 0C Model Recovery 'iCLK'
Slack : 8.230
TNS   : 0.000

Type  : Fast 1200mV 0C Model Removal 'iCLK'
Slack : 0.484
TNS   : 0.000

Type  : Fast 1200mV 0C Model Minimum Pulse Width 'iCLK'
Slack : 9.371
TNS   : 0.000

------------------------------------------------------------
